2026-08-05 20:55:40,152 [INFO] NumExpr defaulting to 4 threads.
2026-08-05 20:55:47,351 [INFO] Initiate the data ingestion
2026-08-05 20:55:50,785 [INFO] Performed train test split on the dataframe
2026-08-05 20:55:50,785 [INFO] Exited split_data_as_train_test method of Data_Ingestion class
2026-08-05 20:55:50,786 [INFO] Exporting train and test file path.
2026-08-05 20:55:50,838 [INFO] Exported train and test file path.
2026-08-05 20:55:50,839 [INFO] Data Initiation Completed
2026-08-05 20:55:50,845 [INFO] Initiate the data Validation
2026-08-05 20:55:50,871 [INFO] Required number of columns:2
2026-08-05 20:55:50,871 [INFO] Data frame has columns:31
2026-08-05 20:55:50,871 [INFO] Required number of columns:2
2026-08-05 20:55:50,872 [INFO] Data frame has columns:31
2026-08-05 20:55:51,042 [INFO] data Validation Completed
2026-08-05 20:55:51,042 [INFO] data Transformation started
2026-08-05 20:55:51,042 [INFO] Entered initiate_data_transformation method of DataTransformation class
2026-08-05 20:55:51,042 [INFO] Starting data transformation
2026-08-05 20:55:51,073 [INFO] Entered get_data_trnasformer_object method of Trnasformation class
2026-08-05 20:55:51,073 [INFO] Initialise KNNImputer with {'missing_values': nan, 'n_neighbors': 3, 'weights': 'uniform'}
2026-08-05 20:55:51,085 [INFO] Entered the save_object method of MainUtils class
2026-08-05 20:55:51,088 [INFO] Exited the save_object method of MainUtils class
2026-08-05 20:55:51,088 [INFO] Entered the save_object method of MainUtils class
2026-08-05 20:55:51,091 [INFO] Exited the save_object method of MainUtils class
2026-08-05 20:55:51,092 [INFO] data Transformation completed
2026-08-05 20:55:51,092 [INFO] Model Training sstared
